wxW suggestion: /home/mortennk/.tiggit: GOOD
Our suggestion: /home/mortennk/.tiggit/: GOOD
