Syntax: app tiglist.json tigdir/
- or -: app binfile.dat
