Downloading http://tiggit.net/client/latest.tig...
Success!
